Static Logistic Regression seed=17: F1=0.9927 AP=0.9974, fit=0.2s
Static Decision Tree seed=17: F1=0.9960 AP=0.9968, fit=0.2s
Static Random Forest seed=17: F1=0.9963 AP=0.9985, fit=1.7s
Static Logistic Regression seed=42: F1=0.9927 AP=0.9974, fit=0.2s
Static Decision Tree seed=42: F1=0.9960 AP=0.9968, fit=0.2s
Static Random Forest seed=42: F1=0.9962 AP=0.9985, fit=1.7s
Static Logistic Regression seed=73: F1=0.9927 AP=0.9974, fit=0.2s
Static Decision Tree seed=73: F1=0.9960 AP=0.9968, fit=0.2s
Static Random Forest seed=73: F1=0.9963 AP=0.9985, fit=1.7s
Stream seed=17 delay=0 fixed: F1=0.7986 B=0.6667 updates=0
Stream seed=17 delay=0 periodic: F1=0.9803 B=0.9640 updates=7
Stream seed=17 delay=0 drift: F1=0.9799 B=0.9631 updates=1
Stream seed=17 delay=2 fixed: F1=0.7986 B=0.6667 updates=0
Stream seed=17 delay=2 periodic: F1=0.9471 B=0.9020 updates=6
Stream seed=17 delay=2 drift: F1=0.9472 B=0.9020 updates=2
Stream seed=42 delay=0 fixed: F1=0.7990 B=0.6667 updates=0
Stream seed=42 delay=0 periodic: F1=0.9817 B=0.9663 updates=7
Stream seed=42 delay=0 drift: F1=0.9811 B=0.9648 updates=1
Stream seed=42 delay=2 fixed: F1=0.7990 B=0.6667 updates=0
Stream seed=42 delay=2 periodic: F1=0.9511 B=0.9086 updates=6
Stream seed=42 delay=2 drift: F1=0.9509 B=0.9082 updates=2
Stream seed=73 delay=0 fixed: F1=0.7987 B=0.6667 updates=0
Stream seed=73 delay=0 periodic: F1=0.9789 B=0.9613 updates=7
Stream seed=73 delay=0 drift: F1=0.9786 B=0.9607 updates=1
Stream seed=73 delay=2 fixed: F1=0.7987 B=0.6667 updates=0
Stream seed=73 delay=2 periodic: F1=0.9476 B=0.9027 updates=6
Stream seed=73 delay=2 drift: F1=0.9478 B=0.9031 updates=2
SHAP: 2.5s, max additivity error=1.49e-08
Exploratory HTTPS bias ablation completed
Completed all in 66.9s
