SEALED PAGE TEST path_profile drift 0 17 FPR 0.0446 R 0.8012
SEALED PAGE TEST path_profile drift 0 42 FPR 0.0382 R 0.7895
SEALED PAGE TEST path_profile drift 0 73 FPR 0.0954 R 0.8807
SEALED PAGE TEST path_profile drift 2 17 FPR 0.0624 R 0.8222
SEALED PAGE TEST path_profile drift 2 42 FPR 0.0624 R 0.8222
SEALED PAGE TEST path_profile drift 2 73 FPR 0.0624 R 0.8222
SEALED PAGE TEST path_profile fixed 0 17 FPR 0.0624 R 0.8222
SEALED PAGE TEST path_profile fixed 0 42 FPR 0.0624 R 0.8222
SEALED PAGE TEST path_profile fixed 0 73 FPR 0.0624 R 0.8222
SEALED PAGE TEST path_profile fixed 2 17 FPR 0.0624 R 0.8222
SEALED PAGE TEST path_profile fixed 2 42 FPR 0.0624 R 0.8222
SEALED PAGE TEST path_profile fixed 2 73 FPR 0.0624 R 0.8222
SEALED PAGE TEST path_profile periodic 0 17 FPR 0.0402 R 0.7719
SEALED PAGE TEST path_profile periodic 0 42 FPR 0.0799 R 0.8532
SEALED PAGE TEST path_profile periodic 0 73 FPR 0.0717 R 0.833
SEALED PAGE TEST path_profile periodic 2 17 FPR 0.0537 R 0.8058
SEALED PAGE TEST path_profile periodic 2 42 FPR 0.0525 R 0.7994
SEALED PAGE TEST path_profile periodic 2 73 FPR 0.0423 R 0.7825
SEALED PAGE TEST path_profile threshold 0 17 FPR 0.077 R 0.8465
SEALED PAGE TEST path_profile threshold 0 42 FPR 0.0747 R 0.8412
SEALED PAGE TEST path_profile threshold 0 73 FPR 0.0747 R 0.8412
SEALED PAGE TEST path_profile threshold 2 17 FPR 0.077 R 0.8465
SEALED PAGE TEST path_profile threshold 2 42 FPR 0.0688 R 0.833
SEALED PAGE TEST path_profile threshold 2 73 FPR 0.0697 R 0.8351
SEALED PAGE TEST stationary drift 0 17 FPR 0.0624 R 0.8222
SEALED PAGE TEST stationary drift 0 42 FPR 0.0624 R 0.8222
SEALED PAGE TEST stationary drift 0 73 FPR 0.0624 R 0.8222
SEALED PAGE TEST stationary drift 2 17 FPR 0.0624 R 0.8222
SEALED PAGE TEST stationary drift 2 42 FPR 0.0624 R 0.8222
SEALED PAGE TEST stationary drift 2 73 FPR 0.0624 R 0.8222
SEALED PAGE TEST stationary fixed 0 17 FPR 0.0624 R 0.8222
SEALED PAGE TEST stationary fixed 0 42 FPR 0.0624 R 0.8222
SEALED PAGE TEST stationary fixed 0 73 FPR 0.0624 R 0.8222
SEALED PAGE TEST stationary fixed 2 17 FPR 0.0624 R 0.8222
SEALED PAGE TEST stationary fixed 2 42 FPR 0.0624 R 0.8222
SEALED PAGE TEST stationary fixed 2 73 FPR 0.0624 R 0.8222
SEALED PAGE TEST stationary periodic 0 17 FPR 0.0688 R 0.8468
SEALED PAGE TEST stationary periodic 0 42 FPR 0.0443 R 0.7798
SEALED PAGE TEST stationary periodic 0 73 FPR 0.0575 R 0.8123
SEALED PAGE TEST stationary periodic 2 17 FPR 0.0817 R 0.8406
SEALED PAGE TEST stationary periodic 2 42 FPR 0.0554 R 0.8205
SEALED PAGE TEST stationary periodic 2 73 FPR 0.0983 R 0.8933
SEALED PAGE TEST stationary threshold 0 17 FPR 0.0773 R 0.8468
SEALED PAGE TEST stationary threshold 0 42 FPR 0.0811 R 0.8532
SEALED PAGE TEST stationary threshold 0 73 FPR 0.0773 R 0.8468
SEALED PAGE TEST stationary threshold 2 17 FPR 0.0825 R 0.8544
SEALED PAGE TEST stationary threshold 2 42 FPR 0.0773 R 0.8468
SEALED PAGE TEST stationary threshold 2 73 FPR 0.0802 R 0.8503
