Fit numeric_logistic 17 rows 68246
Validation numeric_logistic 17 PhiUSIIL 0.01 FPR 0.0 recall 0.0416
Validation numeric_logistic 17 Wangchuk 0.01 FPR 0.0099 recall 0.0516
Validation numeric_logistic 17 PhiUSIIL 0.05 FPR 0.0136 recall 0.2538
Validation numeric_logistic 17 Wangchuk 0.05 FPR 0.0499 recall 0.2854
Fit numeric_logistic 42 rows 68246
Validation numeric_logistic 42 PhiUSIIL 0.01 FPR 0.0 recall 0.0416
Validation numeric_logistic 42 Wangchuk 0.01 FPR 0.0099 recall 0.0516
Validation numeric_logistic 42 PhiUSIIL 0.05 FPR 0.0136 recall 0.2538
Validation numeric_logistic 42 Wangchuk 0.05 FPR 0.0499 recall 0.2854
Fit numeric_logistic 73 rows 68246
Validation numeric_logistic 73 PhiUSIIL 0.01 FPR 0.0 recall 0.0416
Validation numeric_logistic 73 Wangchuk 0.01 FPR 0.0099 recall 0.0516
Validation numeric_logistic 73 PhiUSIIL 0.05 FPR 0.0136 recall 0.2538
Validation numeric_logistic 73 Wangchuk 0.05 FPR 0.0499 recall 0.2854
Fit random_forest 17 rows 68246
Validation random_forest 17 PhiUSIIL 0.01 FPR 0.0004 recall 0.2641
Validation random_forest 17 Wangchuk 0.01 FPR 0.0092 recall 0.458
Validation random_forest 17 PhiUSIIL 0.05 FPR 0.0043 recall 0.4753
Validation random_forest 17 Wangchuk 0.05 FPR 0.0499 recall 0.6844
Fit random_forest 42 rows 68246
Validation random_forest 42 PhiUSIIL 0.01 FPR 0.0003 recall 0.2461
Validation random_forest 42 Wangchuk 0.01 FPR 0.0099 recall 0.4327
Validation random_forest 42 PhiUSIIL 0.05 FPR 0.0047 recall 0.4932
Validation random_forest 42 Wangchuk 0.05 FPR 0.0499 recall 0.7006
Fit random_forest 73 rows 68246
Validation random_forest 73 PhiUSIIL 0.01 FPR 0.0006 recall 0.2587
Validation random_forest 73 Wangchuk 0.01 FPR 0.0099 recall 0.451
Validation random_forest 73 PhiUSIIL 0.05 FPR 0.0041 recall 0.472
Validation random_forest 73 Wangchuk 0.05 FPR 0.0499 recall 0.6858
Fit hist_gradient_boosting 17 rows 68246
Validation hist_gradient_boosting 17 PhiUSIIL 0.01 FPR 0.001 recall 0.3873
Validation hist_gradient_boosting 17 Wangchuk 0.01 FPR 0.0099 recall 0.5752
Validation hist_gradient_boosting 17 PhiUSIIL 0.05 FPR 0.0044 recall 0.5026
Validation hist_gradient_boosting 17 Wangchuk 0.05 FPR 0.0496 recall 0.7212
Fit hist_gradient_boosting 42 rows 68246
Validation hist_gradient_boosting 42 PhiUSIIL 0.01 FPR 0.001 recall 0.3873
Validation hist_gradient_boosting 42 Wangchuk 0.01 FPR 0.0099 recall 0.5752
Validation hist_gradient_boosting 42 PhiUSIIL 0.05 FPR 0.0044 recall 0.5026
Validation hist_gradient_boosting 42 Wangchuk 0.05 FPR 0.0496 recall 0.7212
Fit hist_gradient_boosting 73 rows 68246
Validation hist_gradient_boosting 73 PhiUSIIL 0.01 FPR 0.001 recall 0.3873
Validation hist_gradient_boosting 73 Wangchuk 0.01 FPR 0.0099 recall 0.5752
Validation hist_gradient_boosting 73 PhiUSIIL 0.05 FPR 0.0044 recall 0.5026
Validation hist_gradient_boosting 73 Wangchuk 0.05 FPR 0.0496 recall 0.7212
Fit char_logistic 17 rows 68246
Validation char_logistic 17 PhiUSIIL 0.01 FPR 0.0002 recall 0.2587
Validation char_logistic 17 Wangchuk 0.01 FPR 0.0099 recall 0.5695
Validation char_logistic 17 PhiUSIIL 0.05 FPR 0.0057 recall 0.5081
Validation char_logistic 17 Wangchuk 0.05 FPR 0.0499 recall 0.7906
Fit char_logistic 42 rows 68246
Validation char_logistic 42 PhiUSIIL 0.01 FPR 0.0002 recall 0.2587
Validation char_logistic 42 Wangchuk 0.01 FPR 0.0099 recall 0.5695
Validation char_logistic 42 PhiUSIIL 0.05 FPR 0.0057 recall 0.5081
Validation char_logistic 42 Wangchuk 0.05 FPR 0.0499 recall 0.7906
Fit char_logistic 73 rows 68246
Validation char_logistic 73 PhiUSIIL 0.01 FPR 0.0002 recall 0.2587
Validation char_logistic 73 Wangchuk 0.01 FPR 0.0099 recall 0.5695
Validation char_logistic 73 PhiUSIIL 0.05 FPR 0.0057 recall 0.5081
Validation char_logistic 73 Wangchuk 0.05 FPR 0.0499 recall 0.7906
Fit source_only_random_forest 17 rows 60000
Validation source_only_random_forest 17 PhiUSIIL 0.01 FPR 0.01 recall 0.6519
Validation source_only_random_forest 17 PhiUSIIL 0.05 FPR 0.05 recall 0.7269
Fit source_only_random_forest 42 rows 60000
Validation source_only_random_forest 42 PhiUSIIL 0.01 FPR 0.01 recall 0.6536
Validation source_only_random_forest 42 PhiUSIIL 0.05 FPR 0.0499 recall 0.729
Fit source_only_random_forest 73 rows 60000
Validation source_only_random_forest 73 PhiUSIIL 0.01 FPR 0.01 recall 0.6511
Validation source_only_random_forest 73 PhiUSIIL 0.05 FPR 0.0499 recall 0.73
FROZEN SELECTED FAMILY: hist_gradient_boosting
